[2026-08-05 11:38:19] [INFO] =============================================
[2026-08-05 11:38:19] [INFO] DWP Temp File Cleanup - RunId: 20260805_113819
[2026-08-05 11:38:19] [INFO] Mode: DRY RUN
[2026-08-05 11:38:19] [INFO] =============================================
[2026-08-05 11:38:19] [INFO] Target paths: C:\Users\labuser\AppData\Local\Temp, C:\Windows\Temp
[2026-08-05 11:38:19] [INFO] Cutoff date (only files last written before this are eligible): 08/05/2026 11:38:19
[2026-08-05 11:38:19] [WARN] Locked, skipping: C:\Users\labuser\AppData\Local\Temp\2\3d1f55d5-5184-4fd7-832b-5727d1649d8b.tmp
[2026-08-05 11:38:19] [INFO] [DRY RUN] Would delete: C:\Users\labuser\AppData\Local\Temp\2\4c0f510a-7eee-469d-98f3-8e602dd04926.tmp (0 KB, LastWriteTime: 08/05/2026 08:41:46)
[2026-08-05 11:38:19] [INFO] [DRY RUN] Would delete: C:\Users\labuser\AppData\Local\Temp\2\exthost-b1c0b6.cpuprofile (50.5 KB, LastWriteTime: 08/05/2026 10:47:45)
[2026-08-05 11:38:19] [INFO] [DRY RUN] Would delete: C:\Users\labuser\AppData\Local\Temp\2\gen_py\3.9\dicts.dat (0 KB, LastWriteTime: 08/05/2026 08:37:58)
[2026-08-05 11:38:19] [INFO] [DRY RUN] Would delete: C:\Users\labuser\AppData\Local\Temp\2\gen_py\3.9\__init__.py (0.2 KB, LastWriteTime: 08/05/2026 08:37:58)
[2026-08-05 11:38:19] [INFO] [DRY RUN] Would delete: C:\Windows\Temp\bb3a785178f443fda931098a5a9a306b.db.ses (0.1 KB, LastWriteTime: 08/03/2026 07:58:18)
[2026-08-05 11:38:19] [INFO] [DRY RUN] Would delete: C:\Windows\Temp\MpCmdRun.log (7.3 KB, LastWriteTime: 08/03/2026 08:19:05)
[2026-08-05 11:38:19] [INFO] [DRY RUN] Would delete: C:\Windows\Temp\MpSigStub.log (297.4 KB, LastWriteTime: 08/05/2026 08:37:16)
[2026-08-05 11:38:19] [INFO] [DRY RUN] Would delete: C:\Windows\Temp\silconfig.log (0.1 KB, LastWriteTime: 08/05/2026 10:36:44)
[2026-08-05 11:38:19] [INFO] [DRY RUN] Would delete: C:\Windows\Temp\_env.cmd (1.1 KB, LastWriteTime: 08/03/2026 07:57:01)
[2026-08-05 11:38:20] [INFO] [DRY RUN] Would delete: C:\Windows\Temp\chocolatey\activitywatch\0.13.2\activitywatch-v0.13.2-windows-x86_64.zip (112317.5 KB, LastWriteTime: 08/03/2026 07:53:41)
[2026-08-05 11:38:20] [INFO] [DRY RUN] Would delete: C:\Windows\Temp\chocolatey\chocoInstall\chocolatey.nuspec (3.7 KB, LastWriteTime: 05/10/2023 10:53:30)
[2026-08-05 11:38:20] [INFO] [DRY RUN] Would delete: C:\Windows\Temp\chocolatey\chocoInstall\chocolatey.zip (4342 KB, LastWriteTime: 08/03/2026 07:52:57)
[2026-08-05 11:38:20] [INFO] [DRY RUN] Would delete: C:\Windows\Temp\chocolatey\chocoInstall\[Content_Types].xml (0.9 KB, LastWriteTime: 05/10/2023 10:53:32)
[2026-08-05 11:38:20] [INFO] [DRY RUN] Would delete: C:\Windows\Temp\chocolatey\chocoInstall\package\services\metadata\core-properties\5ad4dc75cc79452d8e7e738cb4a3286e.psmdcp (3.4 KB, LastWriteTime: 05/10/2023 10:53:32)
[2026-08-05 11:38:20] [INFO] [DRY RUN] Would delete: C:\Windows\Temp\chocolatey\chocoInstall\tools\chocolateyInstall.ps1 (15.5 KB, LastWriteTime: 05/10/2023 10:53:30)
[2026-08-05 11:38:20] [INFO] [DRY RUN] Would delete: C:\Windows\Temp\chocolatey\chocoInstall\tools\chocolateysetup.psm1 (45.8 KB, LastWriteTime: 05/10/2023 10:53:30)
[2026-08-05 11:38:20] [INFO] [DRY RUN] Would delete: C:\Windows\Temp\chocolatey\chocoInstall\tools\init.ps1 (14 KB, LastWriteTime: 05/10/2023 10:53:30)
[2026-08-05 11:38:20] [INFO] [DRY RUN] Would delete: C:\Windows\Temp\chocolatey\chocoInstall\tools\VERIFICATION.txt (1.1 KB, LastWriteTime: 05/10/2023 10:53:30)
[2026-08-05 11:38:20] [INFO] [DRY RUN] Would delete: C:\Windows\Temp\chocolatey\chocoInstall\tools\chocolateyInstall\choco.exe (7435.1 KB, LastWriteTime: 05/10/2023 10:53:30)
[2026-08-05 11:38:20] [INFO] [DRY RUN] Would delete: C:\Windows\Temp\chocolatey\chocoInstall\tools\chocolateyInstall\choco.exe.ignore (0 KB, LastWriteTime: 05/10/2023 10:53:32)
[2026-08-05 11:38:20] [INFO] [DRY RUN] Would delete: C:\Windows\Temp\chocolatey\chocoInstall\tools\chocolateyInstall\choco.exe.manifest (3 KB, LastWriteTime: 05/10/2023 10:53:30)
[2026-08-05 11:38:20] [INFO] [DRY RUN] Would delete: C:\Windows\Temp\chocolatey\chocoInstall\tools\chocolateyInstall\CREDITS.txt (45.9 KB, LastWriteTime: 05/10/2023 10:53:30)
[2026-08-05 11:38:20] [INFO] [DRY RUN] Would delete: C:\Windows\Temp\chocolatey\chocoInstall\tools\chocolateyInstall\LICENSE.txt (0.7 KB, LastWriteTime: 05/10/2023 10:53:30)
[2026-08-05 11:38:20] [INFO] [DRY RUN] Would delete: C:\Windows\Temp\chocolatey\chocoInstall\tools\chocolateyInstall\helpers\chocolateyInstaller.psm1 (16.5 KB, LastWriteTime: 05/10/2023 10:53:30)
[2026-08-05 11:38:20] [INFO] [DRY RUN] Would delete: C:\Windows\Temp\chocolatey\chocoInstall\tools\chocolateyInstall\helpers\chocolateyProfile.psm1 (13.8 KB, LastWriteTime: 05/10/2023 10:53:30)
[2026-08-05 11:38:20] [INFO] [DRY RUN] Would delete: C:\Windows\Temp\chocolatey\chocoInstall\tools\chocolateyInstall\helpers\chocolateyScriptRunner.ps1 (16 KB, LastWriteTime: 05/10/2023 10:53:30)
[2026-08-05 11:38:20] [INFO] [DRY RUN] Would delete: C:\Windows\Temp\chocolatey\chocoInstall\tools\chocolateyInstall\helpers\ChocolateyTabExpansion.ps1 (25.8 KB, LastWriteTime: 05/10/2023 10:53:30)
[2026-08-05 11:38:20] [INFO] [DRY RUN] Would delete: C:\Windows\Temp\chocolatey\chocoInstall\tools\chocolateyInstall\helpers\functions\Format-FileSize.ps1 (14.4 KB, LastWriteTime: 05/10/2023 10:53:30)
[2026-08-05 11:38:20] [INFO] [DRY RUN] Would delete: C:\Windows\Temp\chocolatey\chocoInstall\tools\chocolateyInstall\helpers\functions\Get-CheckSumValid.ps1 (23.9 KB, LastWriteTime: 05/10/2023 10:53:30)
[2026-08-05 11:38:20] [INFO] [DRY RUN] Would delete: C:\Windows\Temp\chocolatey\chocoInstall\tools\chocolateyInstall\helpers\functions\Get-ChocolateyPath.ps1 (15.3 KB, LastWriteTime: 05/10/2023 10:53:30)
[2026-08-05 11:38:20] [INFO] [DRY RUN] Would delete: C:\Windows\Temp\chocolatey\chocoInstall\tools\chocolateyInstall\helpers\functions\Get-ChocolateyUnzip.ps1 (23.4 KB, LastWriteTime: 05/10/2023 10:53:30)
[2026-08-05 11:38:20] [INFO] [DRY RUN] Would delete: C:\Windows\Temp\chocolatey\chocoInstall\tools\chocolateyInstall\helpers\functions\Get-ChocolateyWebFile.ps1 (28.8 KB, LastWriteTime: 05/10/2023 10:53:30)
[2026-08-05 11:38:20] [INFO] [DRY RUN] Would delete: C:\Windows\Temp\chocolatey\chocoInstall\tools\chocolateyInstall\helpers\functions\Get-EnvironmentVariable.ps1 (16.7 KB, LastWriteTime: 05/10/2023 10:53:30)
[2026-08-05 11:38:20] [INFO] [DRY RUN] Would delete: C:\Windows\Temp\chocolatey\chocoInstall\tools\chocolateyInstall\helpers\functions\Get-EnvironmentVariableNames.ps1 (14.7 KB, LastWriteTime: 05/10/2023 10:53:30)
[2026-08-05 11:38:20] [INFO] [DRY RUN] Would delete: C:\Windows\Temp\chocolatey\chocoInstall\tools\chocolateyInstall\helpers\functions\Get-FtpFile.ps1 (20.4 KB, LastWriteTime: 05/10/2023 10:53:30)
[2026-08-05 11:38:20] [INFO] [DRY RUN] Would delete: C:\Windows\Temp\chocolatey\chocoInstall\tools\chocolateyInstall\helpers\functions\Get-OSArchitectureWidth.ps1 (15.5 KB, LastWriteTime: 05/10/2023 10:53:30)
[2026-08-05 11:38:20] [INFO] [DRY RUN] Would delete: C:\Windows\Temp\chocolatey\chocoInstall\tools\chocolateyInstall\helpers\functions\Get-PackageParameters.ps1 (19.7 KB, LastWriteTime: 05/10/2023 10:53:30)
[2026-08-05 11:38:20] [INFO] [DRY RUN] Would delete: C:\Windows\Temp\chocolatey\chocoInstall\tools\chocolateyInstall\helpers\functions\Get-ToolsLocation.ps1 (16.3 KB, LastWriteTime: 05/10/2023 10:53:30)
[2026-08-05 11:38:20] [INFO] [DRY RUN] Would delete: C:\Windows\Temp\chocolatey\chocoInstall\tools\chocolateyInstall\helpers\functions\Get-UACEnabled.ps1 (14.5 KB, LastWriteTime: 05/10/2023 10:53:30)
[2026-08-05 11:38:20] [INFO] [DRY RUN] Would delete: C:\Windows\Temp\chocolatey\chocoInstall\tools\chocolateyInstall\helpers\functions\Get-UninstallRegistryKey.ps1 (18.5 KB, LastWriteTime: 05/10/2023 10:53:30)
[2026-08-05 11:38:20] [INFO] [DRY RUN] Would delete: C:\Windows\Temp\chocolatey\chocoInstall\tools\chocolateyInstall\helpers\functions\Get-VirusCheckValid.ps1 (14.4 KB, LastWriteTime: 05/10/2023 10:53:30)
[2026-08-05 11:38:20] [INFO] [DRY RUN] Would delete: C:\Windows\Temp\chocolatey\chocoInstall\tools\chocolateyInstall\helpers\functions\Get-WebFile.ps1 (25.2 KB, LastWriteTime: 05/10/2023 10:53:30)
[2026-08-05 11:38:20] [INFO] [DRY RUN] Would delete: C:\Windows\Temp\chocolatey\chocoInstall\tools\chocolateyInstall\helpers\functions\Get-WebFileName.ps1 (21.7 KB, LastWriteTime: 05/10/2023 10:53:30)
[2026-08-05 11:38:20] [INFO] [DRY RUN] Would delete: C:\Windows\Temp\chocolatey\chocoInstall\tools\chocolateyInstall\helpers\functions\Get-WebHeaders.ps1 (18.4 KB, LastWriteTime: 05/10/2023 10:53:30)
[2026-08-05 11:38:20] [INFO] [DRY RUN] Would delete: C:\Windows\Temp\chocolatey\chocoInstall\tools\chocolateyInstall\helpers\functions\Install-BinFile.ps1 (18.8 KB, LastWriteTime: 05/10/2023 10:53:30)
[2026-08-05 11:38:20] [INFO] [DRY RUN] Would delete: C:\Windows\Temp\chocolatey\chocoInstall\tools\chocolateyInstall\helpers\functions\Install-ChocolateyEnvironmentVariable.ps1 (16.8 KB, LastWriteTime: 05/10/2023 10:53:30)
[2026-08-05 11:38:20] [INFO] [DRY RUN] Would delete: C:\Windows\Temp\chocolatey\chocoInstall\tools\chocolateyInstall\helpers\functions\Install-ChocolateyExplorerMenuItem.ps1 (17.1 KB, LastWriteTime: 05/10/2023 10:53:30)
[2026-08-05 11:38:20] [INFO] [DRY RUN] Would delete: C:\Windows\Temp\chocolatey\chocoInstall\tools\chocolateyInstall\helpers\functions\Install-ChocolateyFileAssociation.ps1 (15.7 KB, LastWriteTime: 05/10/2023 10:53:30)
[2026-08-05 11:38:20] [INFO] [DRY RUN] Would delete: C:\Windows\Temp\chocolatey\chocoInstall\tools\chocolateyInstall\helpers\functions\Install-ChocolateyInstallPackage.ps1 (26.7 KB, LastWriteTime: 05/10/2023 10:53:30)
[2026-08-05 11:38:20] [INFO] [DRY RUN] Would delete: C:\Windows\Temp\chocolatey\chocoInstall\tools\chocolateyInstall\helpers\functions\Install-ChocolateyPackage.ps1 (29.4 KB, LastWriteTime: 05/10/2023 10:53:30)
[2026-08-05 11:38:20] [INFO] [DRY RUN] Would delete: C:\Windows\Temp\chocolatey\chocoInstall\tools\chocolateyInstall\helpers\functions\Install-ChocolateyPath.ps1 (16.9 KB, LastWriteTime: 05/10/2023 10:53:30)
[2026-08-05 11:38:20] [INFO] [DRY RUN] Would delete: C:\Windows\Temp\chocolatey\chocoInstall\tools\chocolateyInstall\helpers\functions\Install-ChocolateyPinnedTaskBarItem.ps1 (15.2 KB, LastWriteTime: 05/10/2023 10:53:30)
[2026-08-05 11:38:20] [INFO] [DRY RUN] Would delete: C:\Windows\Temp\chocolatey\chocoInstall\tools\chocolateyInstall\helpers\functions\Install-ChocolateyPowershellCommand.ps1 (21.7 KB, LastWriteTime: 05/10/2023 10:53:30)
[2026-08-05 11:38:20] [INFO] [DRY RUN] Would delete: C:\Windows\Temp\chocolatey\chocoInstall\tools\chocolateyInstall\helpers\functions\Install-ChocolateyShortcut.ps1 (20.4 KB, LastWriteTime: 05/10/2023 10:53:30)
[2026-08-05 11:38:20] [INFO] [DRY RUN] Would delete: C:\Windows\Temp\chocolatey\chocoInstall\tools\chocolateyInstall\helpers\functions\Install-ChocolateyVsixPackage.ps1 (21.4 KB, LastWriteTime: 05/10/2023 10:53:30)
[2026-08-05 11:38:20] [INFO] [DRY RUN] Would delete: C:\Windows\Temp\chocolatey\chocoInstall\tools\chocolateyInstall\helpers\functions\Install-ChocolateyZipPackage.ps1 (22.6 KB, LastWriteTime: 05/10/2023 10:53:30)
[2026-08-05 11:38:20] [INFO] [DRY RUN] Would delete: C:\Windows\Temp\chocolatey\chocoInstall\tools\chocolateyInstall\helpers\functions\Install-Vsix.ps1 (14.8 KB, LastWriteTime: 05/10/2023 10:53:30)
[2026-08-05 11:38:21] [INFO] [DRY RUN] Would delete: C:\Windows\Temp\chocolatey\chocoInstall\tools\chocolateyInstall\helpers\functions\Set-EnvironmentVariable.ps1 (17 KB, LastWriteTime: 05/10/2023 10:53:30)
[2026-08-05 11:38:21] [INFO] [DRY RUN] Would delete: C:\Windows\Temp\chocolatey\chocoInstall\tools\chocolateyInstall\helpers\functions\Set-PowerShellExitCode.ps1 (14.3 KB, LastWriteTime: 05/10/2023 10:53:30)
[2026-08-05 11:38:21] [INFO] [DRY RUN] Would delete: C:\Windows\Temp\chocolatey\chocoInstall\tools\chocolateyInstall\helpers\functions\Start-ChocolateyProcessAsAdmin.ps1 (28.3 KB, LastWriteTime: 05/10/2023 10:53:30)
[2026-08-05 11:38:21] [INFO] [DRY RUN] Would delete: C:\Windows\Temp\chocolatey\chocoInstall\tools\chocolateyInstall\helpers\functions\Test-ProcessAdminRights.ps1 (14.5 KB, LastWriteTime: 05/10/2023 10:53:30)
[2026-08-05 11:38:21] [INFO] [DRY RUN] Would delete: C:\Windows\Temp\chocolatey\chocoInstall\tools\chocolateyInstall\helpers\functions\Uninstall-BinFile.ps1 (16.2 KB, LastWriteTime: 05/10/2023 10:53:30)
[2026-08-05 11:38:21] [INFO] [DRY RUN] Would delete: C:\Windows\Temp\chocolatey\chocoInstall\tools\chocolateyInstall\helpers\functions\Uninstall-ChocolateyEnvironmentVariable.ps1 (15.7 KB, LastWriteTime: 05/10/2023 10:53:30)
[2026-08-05 11:38:21] [INFO] [DRY RUN] Would delete: C:\Windows\Temp\chocolatey\chocoInstall\tools\chocolateyInstall\helpers\functions\Uninstall-ChocolateyPackage.ps1 (18.6 KB, LastWriteTime: 05/10/2023 10:53:30)
[2026-08-05 11:38:21] [INFO] [DRY RUN] Would delete: C:\Windows\Temp\chocolatey\chocoInstall\tools\chocolateyInstall\helpers\functions\UnInstall-ChocolateyZipPackage.ps1 (15.5 KB, LastWriteTime: 05/10/2023 10:53:30)
[2026-08-05 11:38:21] [INFO] [DRY RUN] Would delete: C:\Windows\Temp\chocolatey\chocoInstall\tools\chocolateyInstall\helpers\functions\Update-SessionEnvironment.ps1 (16.2 KB, LastWriteTime: 05/10/2023 10:53:30)
[2026-08-05 11:38:21] [INFO] [DRY RUN] Would delete: C:\Windows\Temp\chocolatey\chocoInstall\tools\chocolateyInstall\helpers\functions\Write-FunctionCallLogMessage.ps1 (14.6 KB, LastWriteTime: 05/10/2023 10:53:30)
[2026-08-05 11:38:21] [INFO] [DRY RUN] Would delete: C:\Windows\Temp\chocolatey\chocoInstall\tools\chocolateyInstall\redirects\choco.exe (142.6 KB, LastWriteTime: 05/10/2023 10:53:32)
[2026-08-05 11:38:21] [INFO] [DRY RUN] Would delete: C:\Windows\Temp\chocolatey\chocoInstall\tools\chocolateyInstall\redirects\choco.exe.ignore (0 KB, LastWriteTime: 05/10/2023 10:53:32)
[2026-08-05 11:38:21] [INFO] [DRY RUN] Would delete: C:\Windows\Temp\chocolatey\chocoInstall\tools\chocolateyInstall\redirects\chocolatey.exe (143.1 KB, LastWriteTime: 05/10/2023 10:53:32)
[2026-08-05 11:38:21] [INFO] [DRY RUN] Would delete: C:\Windows\Temp\chocolatey\chocoInstall\tools\chocolateyInstall\redirects\chocolatey.exe.ignore (0 KB, LastWriteTime: 05/10/2023 10:53:32)
[2026-08-05 11:38:21] [INFO] [DRY RUN] Would delete: C:\Windows\Temp\chocolatey\chocoInstall\tools\chocolateyInstall\redirects\cinst.exe (143.1 KB, LastWriteTime: 05/10/2023 10:53:32)
[2026-08-05 11:38:21] [INFO] [DRY RUN] Would delete: C:\Windows\Temp\chocolatey\chocoInstall\tools\chocolateyInstall\redirects\cinst.exe.ignore (0 KB, LastWriteTime: 05/10/2023 10:53:32)
[2026-08-05 11:38:21] [INFO] [DRY RUN] Would delete: C:\Windows\Temp\chocolatey\chocoInstall\tools\chocolateyInstall\redirects\clist.exe (143.1 KB, LastWriteTime: 05/10/2023 10:53:32)
[2026-08-05 11:38:21] [INFO] [DRY RUN] Would delete: C:\Windows\Temp\chocolatey\chocoInstall\tools\chocolateyInstall\redirects\clist.exe.ignore (0 KB, LastWriteTime: 05/10/2023 10:53:32)
[2026-08-05 11:38:21] [INFO] [DRY RUN] Would delete: C:\Windows\Temp\chocolatey\chocoInstall\tools\chocolateyInstall\redirects\cpush.exe (143.1 KB, LastWriteTime: 05/10/2023 10:53:32)
[2026-08-05 11:38:21] [INFO] [DRY RUN] Would delete: C:\Windows\Temp\chocolatey\chocoInstall\tools\chocolateyInstall\redirects\cpush.exe.ignore (0 KB, LastWriteTime: 05/10/2023 10:53:32)
[2026-08-05 11:38:21] [INFO] [DRY RUN] Would delete: C:\Windows\Temp\chocolatey\chocoInstall\tools\chocolateyInstall\redirects\cuninst.exe (143.1 KB, LastWriteTime: 05/10/2023 10:53:32)
[2026-08-05 11:38:21] [INFO] [DRY RUN] Would delete: C:\Windows\Temp\chocolatey\chocoInstall\tools\chocolateyInstall\redirects\cuninst.exe.ignore (0 KB, LastWriteTime: 05/10/2023 10:53:32)
[2026-08-05 11:38:21] [INFO] [DRY RUN] Would delete: C:\Windows\Temp\chocolatey\chocoInstall\tools\chocolateyInstall\redirects\cup.exe (143.1 KB, LastWriteTime: 05/10/2023 10:53:32)
[2026-08-05 11:38:21] [INFO] [DRY RUN] Would delete: C:\Windows\Temp\chocolatey\chocoInstall\tools\chocolateyInstall\redirects\cup.exe.ignore (0 KB, LastWriteTime: 05/10/2023 10:53:32)
[2026-08-05 11:38:21] [INFO] [DRY RUN] Would delete: C:\Windows\Temp\chocolatey\chocoInstall\tools\chocolateyInstall\redirects\RefreshEnv.cmd (2.3 KB, LastWriteTime: 05/10/2023 10:53:32)
[2026-08-05 11:38:21] [INFO] [DRY RUN] Would delete: C:\Windows\Temp\chocolatey\chocoInstall\tools\chocolateyInstall\tools\7z.dll (1140.5 KB, LastWriteTime: 05/10/2023 10:53:32)
[2026-08-05 11:38:21] [INFO] [DRY RUN] Would delete: C:\Windows\Temp\chocolatey\chocoInstall\tools\chocolateyInstall\tools\7z.dll.manifest (0.5 KB, LastWriteTime: 05/10/2023 10:53:32)
[2026-08-05 11:38:21] [INFO] [DRY RUN] Would delete: C:\Windows\Temp\chocolatey\chocoInstall\tools\chocolateyInstall\tools\7z.exe (324 KB, LastWriteTime: 05/10/2023 10:53:32)
[2026-08-05 11:38:21] [INFO] [DRY RUN] Would delete: C:\Windows\Temp\chocolatey\chocoInstall\tools\chocolateyInstall\tools\7z.exe.ignore (0 KB, LastWriteTime: 05/10/2023 10:53:32)
[2026-08-05 11:38:21] [INFO] [DRY RUN] Would delete: C:\Windows\Temp\chocolatey\chocoInstall\tools\chocolateyInstall\tools\7z.exe.manifest (0.5 KB, LastWriteTime: 05/10/2023 10:53:32)
[2026-08-05 11:38:21] [INFO] [DRY RUN] Would delete: C:\Windows\Temp\chocolatey\chocoInstall\tools\chocolateyInstall\tools\7zip.license.txt (1.9 KB, LastWriteTime: 05/10/2023 10:53:32)
[2026-08-05 11:38:21] [INFO] [DRY RUN] Would delete: C:\Windows\Temp\chocolatey\chocoInstall\tools\chocolateyInstall\tools\checksum.exe (37.6 KB, LastWriteTime: 05/10/2023 10:53:32)
[2026-08-05 11:38:21] [INFO] [DRY RUN] Would delete: C:\Windows\Temp\chocolatey\chocoInstall\tools\chocolateyInstall\tools\checksum.exe.config (0.1 KB, LastWriteTime: 05/10/2023 10:53:32)
[2026-08-05 11:38:21] [INFO] [DRY RUN] Would delete: C:\Windows\Temp\chocolatey\chocoInstall\tools\chocolateyInstall\tools\checksum.exe.ignore (0 KB, LastWriteTime: 05/10/2023 10:53:32)
[2026-08-05 11:38:21] [INFO] [DRY RUN] Would delete: C:\Windows\Temp\chocolatey\chocoInstall\tools\chocolateyInstall\tools\checksum.license.txt (0.1 KB, LastWriteTime: 05/10/2023 10:53:32)
[2026-08-05 11:38:21] [INFO] [DRY RUN] Would delete: C:\Windows\Temp\chocolatey\chocoInstall\tools\chocolateyInstall\tools\shimgen.exe (555.1 KB, LastWriteTime: 05/10/2023 10:53:32)
[2026-08-05 11:38:21] [INFO] [DRY RUN] Would delete: C:\Windows\Temp\chocolatey\chocoInstall\tools\chocolateyInstall\tools\shimgen.exe.ignore (0 KB, LastWriteTime: 05/10/2023 10:53:32)
[2026-08-05 11:38:21] [INFO] [DRY RUN] Would delete: C:\Windows\Temp\chocolatey\chocoInstall\tools\chocolateyInstall\tools\shimgen.license.txt (3.7 KB, LastWriteTime: 05/10/2023 10:53:32)
[2026-08-05 11:38:21] [INFO] [DRY RUN] Would delete: C:\Windows\Temp\chocolatey\chocoInstall\_rels\.rels (0.5 KB, LastWriteTime: 05/10/2023 10:53:32)
[2026-08-05 11:38:21] [INFO] [DRY RUN] Would delete: C:\Windows\Temp\chocolatey\vscode.install\1.131.0\install.log (1087.8 KB, LastWriteTime: 08/03/2026 07:56:59)
[2026-08-05 11:38:21] [INFO] [DRY RUN] Would delete: C:\Windows\Temp\chocolatey\vscode.install\1.131.0\VSCodeSetup-x64-1.131.0.exe (226902 KB, LastWriteTime: 08/03/2026 07:55:41)
[2026-08-05 11:38:21] [INFO] ===== Summary: RunId=20260805_113819 Mode=DRY RUN Scanned=99 Deleted=98 LockedSkipped=1 Errors=0 SpaceFreedMB=348.11 =====
[2026-08-05 11:38:21] [INFO] DWP Temp File Cleanup finished (RunId: 20260805_113819)
